g:\users\claude_project\算法实习\elevator_final\elevator_final\x64\debug\vc143.pdb
g:\users\claude_project\算法实习\elevator_final\elevator_final\x64\debug\vc143.idb
g:\users\claude_project\算法实习\elevator_final\elevator_final\x64\debug\main.obj
g:\users\claude_project\算法实习\elevator_final\x64\debug\elevator_final.exe
g:\users\claude_project\算法实习\elevator_final\x64\debug\elevator_final.pdb
g:\users\claude_project\算法实习\elevator_final\elevator_final\x64\debug\elevator_final.ilk
g:\users\claude_project\算法实习\elevator_final\elevator_final\x64\debug\elevator.obj
g:\users\claude_project\算法实习\elevator_final\elevator_final\x64\debug\gui.obj
g:\users\claude_project\算法实习\elevator_final\elevator_final\x64\debug\gwo.obj
g:\users\claude_project\算法实习\elevator_final\elevator_final\x64\debug\metrics.obj
g:\users\claude_project\算法实习\elevator_final\elevator_final\x64\debug\nearest.obj
g:\users\claude_project\算法实习\elevator_final\elevator_final\x64\debug\passenger.obj
g:\users\claude_project\算法实习\elevator_final\elevator_final\x64\debug\scheduler.obj
g:\users\claude_project\算法实习\elevator_final\elevator_final\x64\debug\simulator.obj
g:\users\claude_project\算法实习\elevator_final\elevator_final\x64\debug\traffic.obj
g:\users\claude_project\算法实习\elevator_final\elevator_final\x64\debug\utils.obj
g:\users\claude_project\算法实习\elevator_final\elevator_final\x64\debug\elevator_final.tlog\cl.command.1.tlog
g:\users\claude_project\算法实习\elevator_final\elevator_final\x64\debug\elevator_final.tlog\cl.items.tlog
g:\users\claude_project\算法实习\elevator_final\elevator_final\x64\debug\elevator_final.tlog\cl.read.1.tlog
g:\users\claude_project\算法实习\elevator_final\elevator_final\x64\debug\elevator_final.tlog\cl.write.1.tlog
g:\users\claude_project\算法实习\elevator_final\elevator_final\x64\debug\elevator_final.tlog\link.command.1.tlog
g:\users\claude_project\算法实习\elevator_final\elevator_final\x64\debug\elevator_final.tlog\link.read.1.tlog
g:\users\claude_project\算法实习\elevator_final\elevator_final\x64\debug\elevator_final.tlog\link.secondary.1.tlog
g:\users\claude_project\算法实习\elevator_final\elevator_final\x64\debug\elevator_final.tlog\link.write.1.tlog
